// Vitest Snapshot v1, https://vitest.dev/guide/snapshot.html

exports[`rtl > should work 1`] = `
<DocumentFragment>
  <div
    style="overflow: auto; contain: strict; width: 100%; height: 100%;"
  >
    <div
      style="contain: strict; overflow-anchor: none; overflow: clip; flex: 0 0 auto; position: relative; width: 10000px; height: 4130px;"
    >
      <div
        style="contain: layout style; display: grid; position: absolute; top: 0px; right: 0px; visibility: visible; min-height: 50px; min-width: 100px;"
      >
        <div>
          0 / 0
        </div>
      </div>
      <div
        style="contain: layout style; display: grid; position: absolute; top: 0px; right: 100px; visibility: visible; min-height: 50px; min-width: 100px;"
      >
        <div>
          0 / 1
        </div>
      </div>
      <div
        style="contain: layout style; display: grid; position: absolute; top: 50px; right: 0px; visibility: visible; min-height: 50px; min-width: 100px;"
      >
        <div>
          1 / 0
        </div>
      </div>
      <div
        style="contain: layout style; display: grid; position: absolute; top: 50px; right: 100px; visibility: visible; min-height: 50px; min-width: 100px;"
      >
        <div>
          1 / 1
        </div>
      </div>
      <div
        style="contain: layout style; display: grid; position: absolute; top: 100px; right: 0px; visibility: visible; min-height: 50px; min-width: 100px;"
      >
        <div>
          2 / 0
        </div>
      </div>
      <div
        style="contain: layout style; display: grid; position: absolute; top: 100px; right: 100px; visibility: visible; min-height: 50px; min-width: 100px;"
      >
        <div>
          2 / 1
        </div>
      </div>
      <div
        style="contain: layout style; display: grid; position: absolute; top: 150px; right: 0px; visibility: visible; min-height: 50px; min-width: 100px;"
      >
        <div>
          3 / 0
        </div>
      </div>
      <div
        style="contain: layout style; display: grid; position: absolute; top: 150px; right: 100px; visibility: visible; min-height: 50px; min-width: 100px;"
      >
        <div>
          3 / 1
        </div>
      </div>
      <div
        style="contain: layout style; display: grid; position: absolute; top: 200px; right: 0px; visibility: visible; min-height: 50px; min-width: 100px;"
      >
        <div>
          4 / 0
        </div>
      </div>
      <div
        style="contain: layout style; display: grid; position: absolute; top: 200px; right: 100px; visibility: visible; min-height: 50px; min-width: 100px;"
      >
        <div>
          4 / 1
        </div>
      </div>
      <div
        style="contain: layout style; display: grid; position: absolute; top: 250px; right: 0px; visibility: visible; min-height: 50px; min-width: 100px;"
      >
        <div>
          5 / 0
        </div>
      </div>
      <div
        style="contain: layout style; display: grid; position: absolute; top: 250px; right: 100px; visibility: visible; min-height: 50px; min-width: 100px;"
      >
        <div>
          5 / 1
        </div>
      </div>
      <div
        style="contain: layout style; display: grid; position: absolute; top: 300px; right: 0px; visibility: visible; min-height: 50px; min-width: 100px;"
      >
        <div>
          6 / 0
        </div>
      </div>
      <div
        style="contain: layout style; display: grid; position: absolute; top: 300px; right: 100px; visibility: visible; min-height: 50px; min-width: 100px;"
      >
        <div>
          6 / 1
        </div>
      </div>
      <div
        style="contain: layout style; display: grid; position: absolute; top: 350px; right: 0px; visibility: visible; min-height: 50px; min-width: 100px;"
      >
        <div>
          7 / 0
        </div>
      </div>
      <div
        style="contain: layout style; display: grid; position: absolute; top: 350px; right: 100px; visibility: visible; min-height: 50px; min-width: 100px;"
      >
        <div>
          7 / 1
        </div>
      </div>
      <div
        style="contain: layout style; display: grid; position: absolute; top: 400px; right: 0px; visibility: visible; min-height: 50px; min-width: 100px;"
      >
        <div>
          8 / 0
        </div>
      </div>
      <div
        style="contain: layout style; display: grid; position: absolute; top: 400px; right: 100px; visibility: visible; min-height: 50px; min-width: 100px;"
      >
        <div>
          8 / 1
        </div>
      </div>
      <div
        style="contain: layout style; display: grid; position: absolute; top: 450px; right: 0px; visibility: visible; min-height: 50px; min-width: 100px;"
      >
        <div>
          9 / 0
        </div>
      </div>
      <div
        style="contain: layout style; display: grid; position: absolute; top: 450px; right: 100px; visibility: visible; min-height: 50px; min-width: 100px;"
      >
        <div>
          9 / 1
        </div>
      </div>
      <div
        style="contain: layout style; display: grid; position: absolute; top: 500px; right: 0px; visibility: visible; min-height: 50px; min-width: 100px;"
      >
        <div>
          10 / 0
        </div>
      </div>
      <div
        style="contain: layout style; display: grid; position: absolute; top: 500px; right: 100px; visibility: visible; min-height: 50px; min-width: 100px;"
      >
        <div>
          10 / 1
        </div>
      </div>
    </div>
  </div>
</DocumentFragment>
`;
