// Vitest Snapshot v1, https://vitest.dev/guide/snapshot.html

exports[`rtl > should not work in vertical 1`] = `
<DocumentFragment>
  <div
    style="display: block; overflow-y: auto; contain: strict; width: 100%; height: 100%;"
  >
    <div
      style="overflow-anchor: none; flex: 0 0 auto; position: relative; visibility: hidden; width: 100%; height: 5000px;"
    >
      <div
        style="position: absolute; width: 100%; left: 0px; top: 0px; visibility: visible;"
      >
        <div>
          0
        </div>
      </div>
      <div
        style="position: absolute; width: 100%; left: 0px; top: 50px; visibility: visible;"
      >
        <div>
          1
        </div>
      </div>
      <div
        style="position: absolute; width: 100%; left: 0px; top: 100px; visibility: visible;"
      >
        <div>
          2
        </div>
      </div>
      <div
        style="position: absolute; width: 100%; left: 0px; top: 150px; visibility: visible;"
      >
        <div>
          3
        </div>
      </div>
      <div
        style="position: absolute; width: 100%; left: 0px; top: 200px; visibility: visible;"
      >
        <div>
          4
        </div>
      </div>
      <div
        style="position: absolute; width: 100%; left: 0px; top: 250px; visibility: visible;"
      >
        <div>
          5
        </div>
      </div>
    </div>
  </div>
</DocumentFragment>
`;

exports[`rtl > should work in horizontal 1`] = `
<DocumentFragment>
  <div
    style="display: inline-block; overflow-x: auto; contain: strict; width: 100%; height: 100%;"
  >
    <div
      style="overflow-anchor: none; flex: 0 0 auto; position: relative; visibility: hidden; width: 10000px; height: 100%;"
    >
      <div
        style="position: absolute; height: 100%; top: 0px; right: 0px; visibility: visible; display: flex;"
      >
        <div>
          0
        </div>
      </div>
      <div
        style="position: absolute; height: 100%; top: 0px; right: 100px; visibility: visible; display: flex;"
      >
        <div>
          1
        </div>
      </div>
      <div
        style="position: absolute; height: 100%; top: 0px; right: 200px; visibility: visible; display: flex;"
      >
        <div>
          2
        </div>
      </div>
      <div
        style="position: absolute; height: 100%; top: 0px; right: 300px; visibility: visible; display: flex;"
      >
        <div>
          3
        </div>
      </div>
      <div
        style="position: absolute; height: 100%; top: 0px; right: 400px; visibility: visible; display: flex;"
      >
        <div>
          4
        </div>
      </div>
      <div
        style="position: absolute; height: 100%; top: 0px; right: 500px; visibility: visible; display: flex;"
      >
        <div>
          5
        </div>
      </div>
    </div>
  </div>
</DocumentFragment>
`;
