// Vitest Snapshot v1, https://vitest.dev/guide/snapshot.html

exports[`rtl > should not work in vertical 1`] = `
<DocumentFragment>
  <div
    style="display: block; overflow-y: auto; contain: strict; width: 100%; height: 100%;"
  >
    <div
      style="contain: size style; overflow-anchor: none; flex: 0 0 auto; position: relative; width: 100%; height: 5000px;"
    >
      <div
        style="contain: layout style; position: absolute; width: 100%; left: 0px; top: 0px;"
      >
        <div>
          0
        </div>
      </div>
      <div
        style="contain: layout style; position: absolute; width: 100%; left: 0px; top: 50px;"
      >
        <div>
          1
        </div>
      </div>
      <div
        style="contain: layout style; position: absolute; width: 100%; left: 0px; top: 100px;"
      >
        <div>
          2
        </div>
      </div>
      <div
        style="contain: layout style; position: absolute; width: 100%; left: 0px; top: 150px;"
      >
        <div>
          3
        </div>
      </div>
      <div
        style="contain: layout style; position: absolute; width: 100%; left: 0px; top: 200px;"
      >
        <div>
          4
        </div>
      </div>
      <div
        style="contain: layout style; position: absolute; width: 100%; left: 0px; top: 250px;"
      >
        <div>
          5
        </div>
      </div>
      <div
        style="contain: layout style; position: absolute; width: 100%; left: 0px; top: 300px;"
      >
        <div>
          6
        </div>
      </div>
      <div
        style="contain: layout style; position: absolute; width: 100%; left: 0px; top: 350px;"
      >
        <div>
          7
        </div>
      </div>
      <div
        style="contain: layout style; position: absolute; width: 100%; left: 0px; top: 400px;"
      >
        <div>
          8
        </div>
      </div>
      <div
        style="contain: layout style; position: absolute; width: 100%; left: 0px; top: 450px;"
      >
        <div>
          9
        </div>
      </div>
      <div
        style="contain: layout style; position: absolute; width: 100%; left: 0px; top: 500px;"
      >
        <div>
          10
        </div>
      </div>
      <div
        style="contain: layout style; position: absolute; width: 100%; left: 0px; top: 550px;"
      >
        <div>
          11
        </div>
      </div>
      <div
        style="contain: layout style; position: absolute; width: 100%; left: 0px; top: 600px;"
      >
        <div>
          12
        </div>
      </div>
      <div
        style="contain: layout style; position: absolute; width: 100%; left: 0px; top: 650px;"
      >
        <div>
          13
        </div>
      </div>
      <div
        style="contain: layout style; position: absolute; width: 100%; left: 0px; top: 700px;"
      >
        <div>
          14
        </div>
      </div>
    </div>
  </div>
</DocumentFragment>
`;

exports[`rtl > should work in horizontal 1`] = `
<DocumentFragment>
  <div
    style="display: inline-block; overflow-x: auto; contain: strict; width: 100%; height: 100%;"
  >
    <div
      style="contain: size style; overflow-anchor: none; flex: 0 0 auto; position: relative; width: 10000px; height: 100%;"
    >
      <div
        style="contain: layout style; position: absolute; height: 100%; top: 0px; right: 0px; display: inline-flex;"
      >
        <div>
          0
        </div>
      </div>
      <div
        style="contain: layout style; position: absolute; height: 100%; top: 0px; right: 100px; display: inline-flex;"
      >
        <div>
          1
        </div>
      </div>
      <div
        style="contain: layout style; position: absolute; height: 100%; top: 0px; right: 200px; display: inline-flex;"
      >
        <div>
          2
        </div>
      </div>
      <div
        style="contain: layout style; position: absolute; height: 100%; top: 0px; right: 300px; display: inline-flex;"
      >
        <div>
          3
        </div>
      </div>
    </div>
  </div>
</DocumentFragment>
`;
