// Jest Snapshot v1, https://goo.gl/fbAQLP

exports[`rtl should not work in vertical 1`] = `
<DocumentFragment>
  <div
    style="display: block; width: 100%; height: auto;"
  >
    <div
      style="position: relative; visibility: hidden; width: 100%; height: 4000px; pointer-events: auto;"
    >
      <div
        style="margin: 0px; padding: 0px; position: absolute; width: 100%; left: 0px; top: 0px; visibility: hidden;"
      >
        <div>
          0
        </div>
      </div>
      <div
        style="margin: 0px; padding: 0px; position: absolute; width: 100%; left: 0px; top: 40px; visibility: hidden;"
      >
        <div>
          1
        </div>
      </div>
      <div
        style="margin: 0px; padding: 0px; position: absolute; width: 100%; left: 0px; top: 80px; visibility: hidden;"
      >
        <div>
          2
        </div>
      </div>
      <div
        style="margin: 0px; padding: 0px; position: absolute; width: 100%; left: 0px; top: 120px; visibility: hidden;"
      >
        <div>
          3
        </div>
      </div>
      <div
        style="margin: 0px; padding: 0px; position: absolute; width: 100%; left: 0px; top: 160px; visibility: hidden;"
      >
        <div>
          4
        </div>
      </div>
    </div>
  </div>
</DocumentFragment>
`;

exports[`rtl should work in horizontal 1`] = `
<DocumentFragment>
  <div
    style="display: inline-block; width: auto; height: 100%;"
  >
    <div
      style="position: relative; visibility: hidden; width: 4000px; height: 100%; pointer-events: auto;"
    >
      <div
        style="margin: 0px; padding: 0px; position: absolute; height: 100%; top: 0px; right: 0px; visibility: hidden; display: flex;"
      >
        <div>
          0
        </div>
      </div>
      <div
        style="margin: 0px; padding: 0px; position: absolute; height: 100%; top: 0px; right: 40px; visibility: hidden; display: flex;"
      >
        <div>
          1
        </div>
      </div>
      <div
        style="margin: 0px; padding: 0px; position: absolute; height: 100%; top: 0px; right: 80px; visibility: hidden; display: flex;"
      >
        <div>
          2
        </div>
      </div>
      <div
        style="margin: 0px; padding: 0px; position: absolute; height: 100%; top: 0px; right: 120px; visibility: hidden; display: flex;"
      >
        <div>
          3
        </div>
      </div>
      <div
        style="margin: 0px; padding: 0px; position: absolute; height: 100%; top: 0px; right: 160px; visibility: hidden; display: flex;"
      >
        <div>
          4
        </div>
      </div>
    </div>
  </div>
</DocumentFragment>
`;
