// Vitest Snapshot v1, https://vitest.dev/guide/snapshot.html

exports[`horizontal > should render 5 children 1`] = `"<div style="overflow-x:auto"><div style="contain: size style; overflow-anchor: none; flex: 0 0 auto; position: relative; width: 500px; height: 100%;"><div index="0" style="contain: layout style; position: absolute; height: 100%; top: 0px; left: 0px; display: inline-flex;"><div>0</div></div><div index="1" style="contain: layout style; position: absolute; height: 100%; top: 0px; left: 100px; display: inline-flex;"><div>1</div></div><div index="2" style="contain: layout style; position: absolute; height: 100%; top: 0px; left: 200px; display: inline-flex;"><div>2</div></div><div index="3" style="contain: layout style; position: absolute; height: 100%; top: 0px; left: 300px; display: inline-flex;"><div>3</div></div></div></div>"`;

exports[`should change components 1`] = `"<div style="overflow-y:auto"><ul style="contain: size style; overflow-anchor: none; flex: 0 0 auto; position: relative; width: 100%; height: 250px;"><li index="0" style="contain: layout style; position: absolute; width: 100%; left: 0px; top: 0px;"><div>0</div></li><li index="1" style="contain: layout style; position: absolute; width: 100%; left: 0px; top: 50px;"><div>1</div></li><li index="2" style="contain: layout style; position: absolute; width: 100%; left: 0px; top: 100px;"><div>2</div></li><li index="3" style="contain: layout style; position: absolute; width: 100%; left: 0px; top: 150px;"><div>3</div></li><li index="4" style="contain: layout style; position: absolute; width: 100%; left: 0px; top: 200px;"><div>4</div></li></ul></div>"`;

exports[`vertical > should render 5 children 1`] = `"<div style="overflow-y:auto"><div style="contain: size style; overflow-anchor: none; flex: 0 0 auto; position: relative; width: 100%; height: 250px;"><div index="0" style="contain: layout style; position: absolute; width: 100%; left: 0px; top: 0px;"><div>0</div></div><div index="1" style="contain: layout style; position: absolute; width: 100%; left: 0px; top: 50px;"><div>1</div></div><div index="2" style="contain: layout style; position: absolute; width: 100%; left: 0px; top: 100px;"><div>2</div></div><div index="3" style="contain: layout style; position: absolute; width: 100%; left: 0px; top: 150px;"><div>3</div></div><div index="4" style="contain: layout style; position: absolute; width: 100%; left: 0px; top: 200px;"><div>4</div></div></div></div>"`;
